root@NHATMINHDELL:~# echo hello world
hello world
root@NHATMINHDELL:~# passwd
Enter new UNIX password:
Retype new UNIX password:
passwd: password updated successfully
root@NHATMINHDELL:~# date
Wed Jan 10 09:38:10 DST 2018
root@NHATMINHDELL:~# hostname
NHATMINHDELL
root@NHATMINHDELL:~# arch
x86_64
root@NHATMINHDELL:~# uname -a
Linux NHATMINHDELL 4.4.0-43-Microsoft #1-Microsoft Wed Dec 31 14:42:53 PST 2014 x86_64 x86_64 x86_64 GNU/Linux
root@NHATMINHDELL:~# dmesg
dmesg: read kernel buffer failed: Function not implemented
root@NHATMINHDELL:~# uptime
 09:39:10 up 7 min,  0 users,  load average: 0.52, 0.58, 0.59
root@NHATMINHDELL:~# who am i
root@NHATMINHDELL:~# whoami
root
root@NHATMINHDELL:~# who
root@NHATMINHDELL:~# id
uid=0(root) gid=0(root) groups=0(root)
root@NHATMINHDELL:~# last

wtmp begins Fri Sep 22 23:15:02 2017
root@NHATMINHDELL:~# finger
w

The program 'finger' is currently not installed. You can install it by typing:
apt install finger
root@NHATMINHDELL:~# w
 09:39:52 up 8 min,  0 users,  load average: 0.52, 0.58, 0.59
USER     TTY      FROM             LOGIN@   IDLE   JCPU   PCPU WHAT
root@NHATMINHDELL:~#
root@NHATMINHDELL:~#